Linear regression is a fundamental statistical technique used for modeling the relationship between a dependent variable and one or more independent variables. It's a versatile and widely applied method, forming the basis for predictive modeling, trend analysis, and understanding the associations between variables. In this essay, we'll delve into the mathematical foundations of linear regression and explore its implementation in the R programming language.

Mathematical Expression: Understanding the Formulas

At its core, linear regression aims to find the best-fitting linear relationship between the independent variable(s) and the dependent variable. The simple linear regression model, with one independent variable, can be expressed mathematically as:


Implementation in R: Bridging Theory and Practice

R, a powerful statistical programming language, offers a straightforward environment for implementing linear regression models. Let's explore a simple example using the built-in lm() function:
# Set seed for reproducibility
> set.seed(123)
> # Generate a random dataset for linear regression
> n <- 100
> x <- rnorm(n, mean = 5, sd = 2)
> epsilon <- rnorm(n, mean = 0, sd = 3)
> y <- 2 * x + 5 + epsilon
> # Introduce outliers
> y[20] <- 40
> y[80] <- -20
> # Create a data frame
> data <- data.frame(x, y)
> # Fit linear regression model
> model <- lm(y ~ x, data = data)
> # Plot the original and outlier-affected datasets
> par(mfrow = c(1, 2))
> plot(x, y, main = "Original Dataset", xlab = "x", ylab = "y")

​#Install robustHD for outlier treatment using winsorize()
>install.packages("robustHD")
> library.packages(robustHD)
> # Treat outliers by winsorizing
> > data$y_treated <- winsorize(data$y, probs = c(0.05, 0.95))

> # Treat outliers by winsorizing
> data$y_treated <- winsorize(data$y, probs = c(0.05, 0.95))
> # Fit linear regression model on treated data
> model_treated <- lm(y_treated ~ x, data = data)
> # Plot the treated dataset
> plot(data$x, data$y_treated, main = "Winsorized Dataset", xlab = "x", ylab = "y_treated")
> # Display the regression lines
> abline(model, col = "blue")
> abline(model_treated, col = "green")
> # Print summary of the models
> summary(model)

Call:
lm(formula = y_treated ~ x, data = data)

Residuals:
    Min      1Q  Median      3Q     Max 
-8.3897 -2.2134 -0.2579  1.6999 12.0632 

Coefficients:
            Estimate Std. Error t value Pr(>|t|)    
(Intercept)   5.5409     0.9746   5.686 1.35e-07 ***
x             1.8522     0.1775  10.434  < 2e-16 ***
---
Signif. codes:  0 ‘***’ 0.001 ‘**’ 0.01 ‘*’ 0.05 ‘.’ 0.1 ‘ ’ 1

Residual standard error: 3.225 on 98 degrees of freedom
Multiple R-squared:  0.5263,    Adjusted R-squared:  0.5214 
F-statistic: 108.9 on 1 and 98 DF,  p-value: < 2.2e-16

Call:
lm(formula = y_treated ~ x, data = data)


Residuals:
    Min      1Q  Median      3Q     Max 
-8.3897 -2.2134 -0.2579  1.6999 12.0632 

Coefficients:
            Estimate Std. Error t value Pr(>|t|)    
(Intercept)   5.5409     0.9746   5.686 1.35e-07 ***
x             1.8522     0.1775  10.434  < 2e-16 ***
---
Signif. codes:  0 ‘***’ 0.001 ‘**’ 0.01 ‘*’ 0.05 ‘.’ 0.1 ‘ ’ 1

Residual standard error: 3.225 on 98 degrees of freedom
Multiple R-squared:  0.5263,    Adjusted R-squared:  0.5214 
F-statistic: 108.9 on 1 and 98 DF,  p-value: < 2.2e-16

 linear regression provides a robust framework for modeling relationships between variables, and its implementation in R is both accessible and powerful. From defining the mathematical expressions to employing R's statistical functions, linear regression remains a cornerstone of data analysis and predictive modeling. As the foundation of more advanced techniques, mastering linear regression is a vital step for anyone navigating the landscape of statistical modeling and machine learning.

